../../../../../../../Drivers/STM32WBxx_HAL_Driver/Inc/stm32wbxx_ll_system.h:2223:26:LL_FLASH_GetUDN	4	static
../../../../../../../Drivers/STM32WBxx_HAL_Driver/Inc/stm32wbxx_ll_system.h:2235:26:LL_FLASH_GetDeviceID	4	static
../../../../../../../Drivers/STM32WBxx_HAL_Driver/Inc/stm32wbxx_ll_system.h:2247:26:LL_FLASH_GetSTCompanyID	4	static
C:/Users/rhettdavis/STM32Cube/Repository/STM32Cube_FW_WB_V1.22.1/Projects/P-NUCLEO-WB55.Nucleo/Applications/BLE/BLE_p2pServer/STM32_WPAN/App/app_ble.c:385:6:APP_BLE_Init	80	static
C:/Users/rhettdavis/STM32Cube/Repository/STM32Cube_FW_WB_V1.22.1/Projects/P-NUCLEO-WB55.Nucleo/Applications/BLE/BLE_p2pServer/STM32_WPAN/App/app_ble.c:546:28:SVCCTL_App_Notification	80	static
C:/Users/rhettdavis/STM32Cube/Repository/STM32Cube_FW_WB_V1.22.1/Projects/P-NUCLEO-WB55.Nucleo/Applications/BLE/BLE_p2pServer/STM32_WPAN/App/app_ble.c:865:22:APP_BLE_Get_Server_Connection_Status	4	static
C:/Users/rhettdavis/STM32Cube/Repository/STM32Cube_FW_WB_V1.22.1/Projects/P-NUCLEO-WB55.Nucleo/Applications/BLE/BLE_p2pServer/STM32_WPAN/App/app_ble.c:871:6:APP_BLE_Key_Button1_Action	8	static
C:/Users/rhettdavis/STM32Cube/Repository/STM32Cube_FW_WB_V1.22.1/Projects/P-NUCLEO-WB55.Nucleo/Applications/BLE/BLE_p2pServer/STM32_WPAN/App/app_ble.c:876:6:APP_BLE_Key_Button2_Action	8	static
C:/Users/rhettdavis/STM32Cube/Repository/STM32Cube_FW_WB_V1.22.1/Projects/P-NUCLEO-WB55.Nucleo/Applications/BLE/BLE_p2pServer/STM32_WPAN/App/app_ble.c:885:6:APP_BLE_Key_Button3_Action	4	static
C:/Users/rhettdavis/STM32Cube/Repository/STM32Cube_FW_WB_V1.22.1/Projects/P-NUCLEO-WB55.Nucleo/Applications/BLE/BLE_p2pServer/STM32_WPAN/App/app_ble.c:896:13:Ble_Tl_Init	16	static
C:/Users/rhettdavis/STM32Cube/Repository/STM32Cube_FW_WB_V1.22.1/Projects/P-NUCLEO-WB55.Nucleo/Applications/BLE/BLE_p2pServer/STM32_WPAN/App/app_ble.c:907:13:Ble_Hci_Gap_Gatt_Init	72	static
C:/Users/rhettdavis/STM32Cube/Repository/STM32Cube_FW_WB_V1.22.1/Projects/P-NUCLEO-WB55.Nucleo/Applications/BLE/BLE_p2pServer/STM32_WPAN/App/app_ble.c:1180:13:Adv_Request	56	static
C:/Users/rhettdavis/STM32Cube/Repository/STM32Cube_FW_WB_V1.22.1/Projects/P-NUCLEO-WB55.Nucleo/Applications/BLE/BLE_p2pServer/STM32_WPAN/App/app_ble.c:1270:16:BleGetBdAddress	32	static
C:/Users/rhettdavis/STM32Cube/Repository/STM32Cube_FW_WB_V1.22.1/Projects/P-NUCLEO-WB55.Nucleo/Applications/BLE/BLE_p2pServer/STM32_WPAN/App/app_ble.c:1327:13:Adv_Cancel	16	static
C:/Users/rhettdavis/STM32Cube/Repository/STM32Cube_FW_WB_V1.22.1/Projects/P-NUCLEO-WB55.Nucleo/Applications/BLE/BLE_p2pServer/STM32_WPAN/App/app_ble.c:1358:13:Adv_Cancel_Req	8	static
C:/Users/rhettdavis/STM32Cube/Repository/STM32Cube_FW_WB_V1.22.1/Projects/P-NUCLEO-WB55.Nucleo/Applications/BLE/BLE_p2pServer/STM32_WPAN/App/app_ble.c:1373:13:Switch_OFF_GPIO	8	static
C:/Users/rhettdavis/STM32Cube/Repository/STM32Cube_FW_WB_V1.22.1/Projects/P-NUCLEO-WB55.Nucleo/Applications/BLE/BLE_p2pServer/STM32_WPAN/App/app_ble.c:1381:6:BLE_SVC_L2CAP_Conn_Update	48	static
C:/Users/rhettdavis/STM32Cube/Repository/STM32Cube_FW_WB_V1.22.1/Projects/P-NUCLEO-WB55.Nucleo/Applications/BLE/BLE_p2pServer/STM32_WPAN/App/app_ble.c:1419:13:Connection_Interval_Update_Req	8	static
C:/Users/rhettdavis/STM32Cube/Repository/STM32Cube_FW_WB_V1.22.1/Projects/P-NUCLEO-WB55.Nucleo/Applications/BLE/BLE_p2pServer/STM32_WPAN/App/app_ble.c:1438:6:hci_notify_asynch_evt	16	static
C:/Users/rhettdavis/STM32Cube/Repository/STM32Cube_FW_WB_V1.22.1/Projects/P-NUCLEO-WB55.Nucleo/Applications/BLE/BLE_p2pServer/STM32_WPAN/App/app_ble.c:1445:6:hci_cmd_resp_release	16	static
C:/Users/rhettdavis/STM32Cube/Repository/STM32Cube_FW_WB_V1.22.1/Projects/P-NUCLEO-WB55.Nucleo/Applications/BLE/BLE_p2pServer/STM32_WPAN/App/app_ble.c:1452:6:hci_cmd_resp_wait	16	static
C:/Users/rhettdavis/STM32Cube/Repository/STM32Cube_FW_WB_V1.22.1/Projects/P-NUCLEO-WB55.Nucleo/Applications/BLE/BLE_p2pServer/STM32_WPAN/App/app_ble.c:1459:13:BLE_UserEvtRx	24	static
C:/Users/rhettdavis/STM32Cube/Repository/STM32Cube_FW_WB_V1.22.1/Projects/P-NUCLEO-WB55.Nucleo/Applications/BLE/BLE_p2pServer/STM32_WPAN/App/app_ble.c:1479:13:BLE_StatusNot	24	static
C:/Users/rhettdavis/STM32Cube/Repository/STM32Cube_FW_WB_V1.22.1/Projects/P-NUCLEO-WB55.Nucleo/Applications/BLE/BLE_p2pServer/STM32_WPAN/App/app_ble.c:1518:6:SVCCTL_ResumeUserEventFlow	8	static
