C:/Users/rhettdavis/STM32Cube/Repository/STM32Cube_FW_WB_V1.22.1/Projects/P-NUCLEO-WB55.Nucleo/Applications/BLE/BLE_p2pServer/STM32_WPAN/App/p2p_server_app.c:92:6:P2PS_STM_App_Notification	32	static
C:/Users/rhettdavis/STM32Cube/Repository/STM32Cube_FW_WB_V1.22.1/Projects/P-NUCLEO-WB55.Nucleo/Applications/BLE/BLE_p2pServer/STM32_WPAN/App/p2p_server_app.c:194:6:P2PS_APP_Notification	16	static
C:/Users/rhettdavis/STM32Cube/Repository/STM32Cube_FW_WB_V1.22.1/Projects/P-NUCLEO-WB55.Nucleo/Applications/BLE/BLE_p2pServer/STM32_WPAN/App/p2p_server_app.c:235:6:P2PS_APP_Init	8	static
C:/Users/rhettdavis/STM32Cube/Repository/STM32Cube_FW_WB_V1.22.1/Projects/P-NUCLEO-WB55.Nucleo/Applications/BLE/BLE_p2pServer/STM32_WPAN/App/p2p_server_app.c:255:6:P2PS_APP_LED_BUTTON_context_Init	8	static
C:/Users/rhettdavis/STM32Cube/Repository/STM32Cube_FW_WB_V1.22.1/Projects/P-NUCLEO-WB55.Nucleo/Applications/BLE/BLE_p2pServer/STM32_WPAN/App/p2p_server_app.c:302:6:P2PS_APP_SW1_Button_Action	8	static
C:/Users/rhettdavis/STM32Cube/Repository/STM32Cube_FW_WB_V1.22.1/Projects/P-NUCLEO-WB55.Nucleo/Applications/BLE/BLE_p2pServer/STM32_WPAN/App/p2p_server_app.c:313:6:P2PS_APP_PublishTime	24	static
C:/Users/rhettdavis/STM32Cube/Repository/STM32Cube_FW_WB_V1.22.1/Projects/P-NUCLEO-WB55.Nucleo/Applications/BLE/BLE_p2pServer/STM32_WPAN/App/p2p_server_app.c:338:6:P2PS_APP_PublishSensors	32	static
C:/Users/rhettdavis/STM32Cube/Repository/STM32Cube_FW_WB_V1.22.1/Projects/P-NUCLEO-WB55.Nucleo/Applications/BLE/BLE_p2pServer/STM32_WPAN/App/p2p_server_app.c:377:13:P2PS_Send_Notification	8	static
