../../../../../../../Drivers/STM32WBxx_HAL_Driver/Inc/stm32wbxx_ll_rcc.h:1679:22:LL_RCC_LSE_SetDriveCapability	1
../../../../../../../Drivers/STM32WBxx_HAL_Driver/Inc/stm32wbxx_ll_bus.h:364:22:LL_AHB1_GRP1_EnableClock	1
../../../../../../../Drivers/STM32WBxx_HAL_Driver/Inc/stm32wbxx_ll_bus.h:539:22:LL_AHB2_GRP1_EnableClock	1
C:/Users/rhettdavis/STM32Cube/Repository/STM32Cube_FW_WB_V1.22.1/Projects/P-NUCLEO-WB55.Nucleo/Applications/BLE/BLE_p2pServer/Core/Src/main.c:184:6:Clock_SetTime	4
C:/Users/rhettdavis/STM32Cube/Repository/STM32Cube_FW_WB_V1.22.1/Projects/P-NUCLEO-WB55.Nucleo/Applications/BLE/BLE_p2pServer/Core/Src/main.c:197:6:Clock_SetAlarm	4
C:/Users/rhettdavis/STM32Cube/Repository/STM32Cube_FW_WB_V1.22.1/Projects/P-NUCLEO-WB55.Nucleo/Applications/BLE/BLE_p2pServer/Core/Src/main.c:221:13:LCD_EnablePulse	1
C:/Users/rhettdavis/STM32Cube/Repository/STM32Cube_FW_WB_V1.22.1/Projects/P-NUCLEO-WB55.Nucleo/Applications/BLE/BLE_p2pServer/Core/Src/main.c:228:13:LCD_Send4Bits	1
C:/Users/rhettdavis/STM32Cube/Repository/STM32Cube_FW_WB_V1.22.1/Projects/P-NUCLEO-WB55.Nucleo/Applications/BLE/BLE_p2pServer/Core/Src/main.c:236:13:LCD_Send	1
C:/Users/rhettdavis/STM32Cube/Repository/STM32Cube_FW_WB_V1.22.1/Projects/P-NUCLEO-WB55.Nucleo/Applications/BLE/BLE_p2pServer/Core/Src/main.c:248:13:LCD_Command	1
C:/Users/rhettdavis/STM32Cube/Repository/STM32Cube_FW_WB_V1.22.1/Projects/P-NUCLEO-WB55.Nucleo/Applications/BLE/BLE_p2pServer/Core/Src/main.c:253:13:LCD_Data	1
C:/Users/rhettdavis/STM32Cube/Repository/STM32Cube_FW_WB_V1.22.1/Projects/P-NUCLEO-WB55.Nucleo/Applications/BLE/BLE_p2pServer/Core/Src/main.c:258:13:LCD_Init	1
C:/Users/rhettdavis/STM32Cube/Repository/STM32Cube_FW_WB_V1.22.1/Projects/P-NUCLEO-WB55.Nucleo/Applications/BLE/BLE_p2pServer/Core/Src/main.c:286:13:LCD_SetCursor	1
C:/Users/rhettdavis/STM32Cube/Repository/STM32Cube_FW_WB_V1.22.1/Projects/P-NUCLEO-WB55.Nucleo/Applications/BLE/BLE_p2pServer/Core/Src/main.c:292:13:LCD_Print	2
C:/Users/rhettdavis/STM32Cube/Repository/STM32Cube_FW_WB_V1.22.1/Projects/P-NUCLEO-WB55.Nucleo/Applications/BLE/BLE_p2pServer/Core/Src/main.c:301:17:INA219_ReadReg	2
C:/Users/rhettdavis/STM32Cube/Repository/STM32Cube_FW_WB_V1.22.1/Projects/P-NUCLEO-WB55.Nucleo/Applications/BLE/BLE_p2pServer/Core/Src/main.c:309:13:INA219_WriteReg	1
C:/Users/rhettdavis/STM32Cube/Repository/STM32Cube_FW_WB_V1.22.1/Projects/P-NUCLEO-WB55.Nucleo/Applications/BLE/BLE_p2pServer/Core/Src/main.c:315:13:INA219_Init	1
C:/Users/rhettdavis/STM32Cube/Repository/STM32Cube_FW_WB_V1.22.1/Projects/P-NUCLEO-WB55.Nucleo/Applications/BLE/BLE_p2pServer/Core/Src/main.c:327:14:INA219_GetBusVoltage_V_Addr	1
C:/Users/rhettdavis/STM32Cube/Repository/STM32Cube_FW_WB_V1.22.1/Projects/P-NUCLEO-WB55.Nucleo/Applications/BLE/BLE_p2pServer/Core/Src/main.c:334:14:INA219_GetCurrent	1
C:/Users/rhettdavis/STM32Cube/Repository/STM32Cube_FW_WB_V1.22.1/Projects/P-NUCLEO-WB55.Nucleo/Applications/BLE/BLE_p2pServer/Core/Src/main.c:341:5:ThreeLED	5
C:/Users/rhettdavis/STM32Cube/Repository/STM32Cube_FW_WB_V1.22.1/Projects/P-NUCLEO-WB55.Nucleo/Applications/BLE/BLE_p2pServer/Core/Src/main.c:373:5:UpdateLCD	11
C:/Users/rhettdavis/STM32Cube/Repository/STM32Cube_FW_WB_V1.22.1/Projects/P-NUCLEO-WB55.Nucleo/Applications/BLE/BLE_p2pServer/Core/Src/main.c:456:5:UpdateSensors	2
C:/Users/rhettdavis/STM32Cube/Repository/STM32Cube_FW_WB_V1.22.1/Projects/P-NUCLEO-WB55.Nucleo/Applications/BLE/BLE_p2pServer/Core/Src/main.c:490:5:DisableAlarm	3
C:/Users/rhettdavis/STM32Cube/Repository/STM32Cube_FW_WB_V1.22.1/Projects/P-NUCLEO-WB55.Nucleo/Applications/BLE/BLE_p2pServer/Core/Src/main.c:509:5:main	3
C:/Users/rhettdavis/STM32Cube/Repository/STM32Cube_FW_WB_V1.22.1/Projects/P-NUCLEO-WB55.Nucleo/Applications/BLE/BLE_p2pServer/Core/Src/main.c:615:6:SystemClock_Config	3
C:/Users/rhettdavis/STM32Cube/Repository/STM32Cube_FW_WB_V1.22.1/Projects/P-NUCLEO-WB55.Nucleo/Applications/BLE/BLE_p2pServer/Core/Src/main.c:667:6:PeriphCommonClock_Config	2
C:/Users/rhettdavis/STM32Cube/Repository/STM32Cube_FW_WB_V1.22.1/Projects/P-NUCLEO-WB55.Nucleo/Applications/BLE/BLE_p2pServer/Core/Src/main.c:691:13:MX_I2C1_Init	4
C:/Users/rhettdavis/STM32Cube/Repository/STM32Cube_FW_WB_V1.22.1/Projects/P-NUCLEO-WB55.Nucleo/Applications/BLE/BLE_p2pServer/Core/Src/main.c:739:13:MX_I2C3_Init	4
C:/Users/rhettdavis/STM32Cube/Repository/STM32Cube_FW_WB_V1.22.1/Projects/P-NUCLEO-WB55.Nucleo/Applications/BLE/BLE_p2pServer/Core/Src/main.c:787:13:MX_IPCC_Init	2
C:/Users/rhettdavis/STM32Cube/Repository/STM32Cube_FW_WB_V1.22.1/Projects/P-NUCLEO-WB55.Nucleo/Applications/BLE/BLE_p2pServer/Core/Src/main.c:813:6:MX_LPUART1_UART_Init	5
C:/Users/rhettdavis/STM32Cube/Repository/STM32Cube_FW_WB_V1.22.1/Projects/P-NUCLEO-WB55.Nucleo/Applications/BLE/BLE_p2pServer/Core/Src/main.c:861:6:MX_USART1_UART_Init	5
C:/Users/rhettdavis/STM32Cube/Repository/STM32Cube_FW_WB_V1.22.1/Projects/P-NUCLEO-WB55.Nucleo/Applications/BLE/BLE_p2pServer/Core/Src/main.c:909:13:MX_RF_Init	1
C:/Users/rhettdavis/STM32Cube/Repository/STM32Cube_FW_WB_V1.22.1/Projects/P-NUCLEO-WB55.Nucleo/Applications/BLE/BLE_p2pServer/Core/Src/main.c:930:13:MX_RNG_Init	2
C:/Users/rhettdavis/STM32Cube/Repository/STM32Cube_FW_WB_V1.22.1/Projects/P-NUCLEO-WB55.Nucleo/Applications/BLE/BLE_p2pServer/Core/Src/main.c:957:13:MX_RTC_Init	3
C:/Users/rhettdavis/STM32Cube/Repository/STM32Cube_FW_WB_V1.22.1/Projects/P-NUCLEO-WB55.Nucleo/Applications/BLE/BLE_p2pServer/Core/Src/main.c:998:13:MX_DMA_Init	1
C:/Users/rhettdavis/STM32Cube/Repository/STM32Cube_FW_WB_V1.22.1/Projects/P-NUCLEO-WB55.Nucleo/Applications/BLE/BLE_p2pServer/Core/Src/main.c:1021:13:MX_GPIO_Init	1
C:/Users/rhettdavis/STM32Cube/Repository/STM32Cube_FW_WB_V1.22.1/Projects/P-NUCLEO-WB55.Nucleo/Applications/BLE/BLE_p2pServer/Core/Src/main.c:1085:6:Error_Handler	1
