../../../../../../../Drivers/STM32WBxx_HAL_Driver/Inc/stm32wbxx_ll_rcc.h:1679:22:LL_RCC_LSE_SetDriveCapability	16	static
../../../../../../../Drivers/STM32WBxx_HAL_Driver/Inc/stm32wbxx_ll_bus.h:364:22:LL_AHB1_GRP1_EnableClock	24	static
../../../../../../../Drivers/STM32WBxx_HAL_Driver/Inc/stm32wbxx_ll_bus.h:539:22:LL_AHB2_GRP1_EnableClock	24	static
C:/Users/rhettdavis/STM32Cube/Repository/STM32Cube_FW_WB_V1.22.1/Projects/P-NUCLEO-WB55.Nucleo/Applications/BLE/BLE_p2pServer/Core/Src/main.c:184:6:Clock_SetTime	16	static
C:/Users/rhettdavis/STM32Cube/Repository/STM32Cube_FW_WB_V1.22.1/Projects/P-NUCLEO-WB55.Nucleo/Applications/BLE/BLE_p2pServer/Core/Src/main.c:197:6:Clock_SetAlarm	24	static
C:/Users/rhettdavis/STM32Cube/Repository/STM32Cube_FW_WB_V1.22.1/Projects/P-NUCLEO-WB55.Nucleo/Applications/BLE/BLE_p2pServer/Core/Src/main.c:221:13:LCD_EnablePulse	8	static
C:/Users/rhettdavis/STM32Cube/Repository/STM32Cube_FW_WB_V1.22.1/Projects/P-NUCLEO-WB55.Nucleo/Applications/BLE/BLE_p2pServer/Core/Src/main.c:228:13:LCD_Send4Bits	16	static
C:/Users/rhettdavis/STM32Cube/Repository/STM32Cube_FW_WB_V1.22.1/Projects/P-NUCLEO-WB55.Nucleo/Applications/BLE/BLE_p2pServer/Core/Src/main.c:236:13:LCD_Send	16	static
C:/Users/rhettdavis/STM32Cube/Repository/STM32Cube_FW_WB_V1.22.1/Projects/P-NUCLEO-WB55.Nucleo/Applications/BLE/BLE_p2pServer/Core/Src/main.c:248:13:LCD_Command	16	static
C:/Users/rhettdavis/STM32Cube/Repository/STM32Cube_FW_WB_V1.22.1/Projects/P-NUCLEO-WB55.Nucleo/Applications/BLE/BLE_p2pServer/Core/Src/main.c:253:13:LCD_Data	16	static
C:/Users/rhettdavis/STM32Cube/Repository/STM32Cube_FW_WB_V1.22.1/Projects/P-NUCLEO-WB55.Nucleo/Applications/BLE/BLE_p2pServer/Core/Src/main.c:258:13:LCD_Init	8	static
C:/Users/rhettdavis/STM32Cube/Repository/STM32Cube_FW_WB_V1.22.1/Projects/P-NUCLEO-WB55.Nucleo/Applications/BLE/BLE_p2pServer/Core/Src/main.c:286:13:LCD_SetCursor	24	static
C:/Users/rhettdavis/STM32Cube/Repository/STM32Cube_FW_WB_V1.22.1/Projects/P-NUCLEO-WB55.Nucleo/Applications/BLE/BLE_p2pServer/Core/Src/main.c:292:13:LCD_Print	16	static
C:/Users/rhettdavis/STM32Cube/Repository/STM32Cube_FW_WB_V1.22.1/Projects/P-NUCLEO-WB55.Nucleo/Applications/BLE/BLE_p2pServer/Core/Src/main.c:301:17:INA219_ReadReg	40	static
C:/Users/rhettdavis/STM32Cube/Repository/STM32Cube_FW_WB_V1.22.1/Projects/P-NUCLEO-WB55.Nucleo/Applications/BLE/BLE_p2pServer/Core/Src/main.c:309:13:INA219_WriteReg	40	static
C:/Users/rhettdavis/STM32Cube/Repository/STM32Cube_FW_WB_V1.22.1/Projects/P-NUCLEO-WB55.Nucleo/Applications/BLE/BLE_p2pServer/Core/Src/main.c:315:13:INA219_Init	16	static
C:/Users/rhettdavis/STM32Cube/Repository/STM32Cube_FW_WB_V1.22.1/Projects/P-NUCLEO-WB55.Nucleo/Applications/BLE/BLE_p2pServer/Core/Src/main.c:327:14:INA219_GetBusVoltage_V_Addr	24	static
C:/Users/rhettdavis/STM32Cube/Repository/STM32Cube_FW_WB_V1.22.1/Projects/P-NUCLEO-WB55.Nucleo/Applications/BLE/BLE_p2pServer/Core/Src/main.c:334:14:INA219_GetCurrent	24	static
C:/Users/rhettdavis/STM32Cube/Repository/STM32Cube_FW_WB_V1.22.1/Projects/P-NUCLEO-WB55.Nucleo/Applications/BLE/BLE_p2pServer/Core/Src/main.c:341:5:ThreeLED	16	static
C:/Users/rhettdavis/STM32Cube/Repository/STM32Cube_FW_WB_V1.22.1/Projects/P-NUCLEO-WB55.Nucleo/Applications/BLE/BLE_p2pServer/Core/Src/main.c:373:5:UpdateLCD	80	static
C:/Users/rhettdavis/STM32Cube/Repository/STM32Cube_FW_WB_V1.22.1/Projects/P-NUCLEO-WB55.Nucleo/Applications/BLE/BLE_p2pServer/Core/Src/main.c:456:5:UpdateSensors	40	static
C:/Users/rhettdavis/STM32Cube/Repository/STM32Cube_FW_WB_V1.22.1/Projects/P-NUCLEO-WB55.Nucleo/Applications/BLE/BLE_p2pServer/Core/Src/main.c:490:5:DisableAlarm	24	static
C:/Users/rhettdavis/STM32Cube/Repository/STM32Cube_FW_WB_V1.22.1/Projects/P-NUCLEO-WB55.Nucleo/Applications/BLE/BLE_p2pServer/Core/Src/main.c:509:5:main	16	static
C:/Users/rhettdavis/STM32Cube/Repository/STM32Cube_FW_WB_V1.22.1/Projects/P-NUCLEO-WB55.Nucleo/Applications/BLE/BLE_p2pServer/Core/Src/main.c:615:6:SystemClock_Config	112	static
C:/Users/rhettdavis/STM32Cube/Repository/STM32Cube_FW_WB_V1.22.1/Projects/P-NUCLEO-WB55.Nucleo/Applications/BLE/BLE_p2pServer/Core/Src/main.c:667:6:PeriphCommonClock_Config	88	static
C:/Users/rhettdavis/STM32Cube/Repository/STM32Cube_FW_WB_V1.22.1/Projects/P-NUCLEO-WB55.Nucleo/Applications/BLE/BLE_p2pServer/Core/Src/main.c:691:13:MX_I2C1_Init	8	static
C:/Users/rhettdavis/STM32Cube/Repository/STM32Cube_FW_WB_V1.22.1/Projects/P-NUCLEO-WB55.Nucleo/Applications/BLE/BLE_p2pServer/Core/Src/main.c:739:13:MX_I2C3_Init	8	static
C:/Users/rhettdavis/STM32Cube/Repository/STM32Cube_FW_WB_V1.22.1/Projects/P-NUCLEO-WB55.Nucleo/Applications/BLE/BLE_p2pServer/Core/Src/main.c:787:13:MX_IPCC_Init	8	static
C:/Users/rhettdavis/STM32Cube/Repository/STM32Cube_FW_WB_V1.22.1/Projects/P-NUCLEO-WB55.Nucleo/Applications/BLE/BLE_p2pServer/Core/Src/main.c:813:6:MX_LPUART1_UART_Init	8	static
C:/Users/rhettdavis/STM32Cube/Repository/STM32Cube_FW_WB_V1.22.1/Projects/P-NUCLEO-WB55.Nucleo/Applications/BLE/BLE_p2pServer/Core/Src/main.c:861:6:MX_USART1_UART_Init	8	static
C:/Users/rhettdavis/STM32Cube/Repository/STM32Cube_FW_WB_V1.22.1/Projects/P-NUCLEO-WB55.Nucleo/Applications/BLE/BLE_p2pServer/Core/Src/main.c:909:13:MX_RF_Init	4	static
C:/Users/rhettdavis/STM32Cube/Repository/STM32Cube_FW_WB_V1.22.1/Projects/P-NUCLEO-WB55.Nucleo/Applications/BLE/BLE_p2pServer/Core/Src/main.c:930:13:MX_RNG_Init	8	static
C:/Users/rhettdavis/STM32Cube/Repository/STM32Cube_FW_WB_V1.22.1/Projects/P-NUCLEO-WB55.Nucleo/Applications/BLE/BLE_p2pServer/Core/Src/main.c:957:13:MX_RTC_Init	8	static
C:/Users/rhettdavis/STM32Cube/Repository/STM32Cube_FW_WB_V1.22.1/Projects/P-NUCLEO-WB55.Nucleo/Applications/BLE/BLE_p2pServer/Core/Src/main.c:998:13:MX_DMA_Init	8	static
C:/Users/rhettdavis/STM32Cube/Repository/STM32Cube_FW_WB_V1.22.1/Projects/P-NUCLEO-WB55.Nucleo/Applications/BLE/BLE_p2pServer/Core/Src/main.c:1021:13:MX_GPIO_Init	32	static
C:/Users/rhettdavis/STM32Cube/Repository/STM32Cube_FW_WB_V1.22.1/Projects/P-NUCLEO-WB55.Nucleo/Applications/BLE/BLE_p2pServer/Core/Src/main.c:1085:6:Error_Handler	4	static,ignoring_inline_asm
