../../../../../../../Drivers/STM32WBxx_HAL_Driver/Inc/stm32wbxx_ll_rcc.h:2883:22:LL_RCC_EnableRTC	4	static
../../../../../../../Drivers/STM32WBxx_HAL_Driver/Inc/stm32wbxx_ll_rcc.h:2893:22:LL_RCC_DisableRTC	4	static
../../../../../../../Drivers/STM32WBxx_HAL_Driver/Inc/stm32wbxx_ll_bus.h:539:22:LL_AHB2_GRP1_EnableClock	24	static
../../../../../../../Drivers/STM32WBxx_HAL_Driver/Inc/stm32wbxx_ll_bus.h:744:22:LL_AHB3_GRP1_EnableClock	24	static
../../../../../../../Drivers/STM32WBxx_HAL_Driver/Inc/stm32wbxx_ll_bus.h:798:22:LL_AHB3_GRP1_DisableClock	16	static
../../../../../../../Drivers/STM32WBxx_HAL_Driver/Inc/stm32wbxx_ll_bus.h:939:22:LL_APB1_GRP1_EnableClock	24	static
../../../../../../../Drivers/STM32WBxx_HAL_Driver/Inc/stm32wbxx_ll_bus.h:958:22:LL_APB1_GRP2_EnableClock	24	static
../../../../../../../Drivers/STM32WBxx_HAL_Driver/Inc/stm32wbxx_ll_bus.h:1038:22:LL_APB1_GRP1_DisableClock	16	static
../../../../../../../Drivers/STM32WBxx_HAL_Driver/Inc/stm32wbxx_ll_bus.h:1053:22:LL_APB1_GRP2_DisableClock	16	static
../../../../../../../Drivers/STM32WBxx_HAL_Driver/Inc/stm32wbxx_ll_bus.h:1274:22:LL_APB2_GRP1_EnableClock	24	static
../../../../../../../Drivers/STM32WBxx_HAL_Driver/Inc/stm32wbxx_ll_bus.h:1328:22:LL_APB2_GRP1_DisableClock	16	static
C:/Users/rhettdavis/STM32Cube/Repository/STM32Cube_FW_WB_V1.22.1/Projects/P-NUCLEO-WB55.Nucleo/Applications/BLE/BLE_p2pServer/Core/Src/stm32wbxx_hal_msp.c:66:6:HAL_MspInit	8	static
C:/Users/rhettdavis/STM32Cube/Repository/STM32Cube_FW_WB_V1.22.1/Projects/P-NUCLEO-WB55.Nucleo/Applications/BLE/BLE_p2pServer/Core/Src/stm32wbxx_hal_msp.c:93:6:HAL_I2C_MspInit	120	static
C:/Users/rhettdavis/STM32Cube/Repository/STM32Cube_FW_WB_V1.22.1/Projects/P-NUCLEO-WB55.Nucleo/Applications/BLE/BLE_p2pServer/Core/Src/stm32wbxx_hal_msp.c:172:6:HAL_I2C_MspDeInit	16	static
C:/Users/rhettdavis/STM32Cube/Repository/STM32Cube_FW_WB_V1.22.1/Projects/P-NUCLEO-WB55.Nucleo/Applications/BLE/BLE_p2pServer/Core/Src/stm32wbxx_hal_msp.c:223:6:HAL_IPCC_MspInit	16	static
C:/Users/rhettdavis/STM32Cube/Repository/STM32Cube_FW_WB_V1.22.1/Projects/P-NUCLEO-WB55.Nucleo/Applications/BLE/BLE_p2pServer/Core/Src/stm32wbxx_hal_msp.c:251:6:HAL_IPCC_MspDeInit	16	static
C:/Users/rhettdavis/STM32Cube/Repository/STM32Cube_FW_WB_V1.22.1/Projects/P-NUCLEO-WB55.Nucleo/Applications/BLE/BLE_p2pServer/Core/Src/stm32wbxx_hal_msp.c:277:6:HAL_UART_MspInit	136	static
C:/Users/rhettdavis/STM32Cube/Repository/STM32Cube_FW_WB_V1.22.1/Projects/P-NUCLEO-WB55.Nucleo/Applications/BLE/BLE_p2pServer/Core/Src/stm32wbxx_hal_msp.c:411:6:HAL_UART_MspDeInit	16	static
C:/Users/rhettdavis/STM32Cube/Repository/STM32Cube_FW_WB_V1.22.1/Projects/P-NUCLEO-WB55.Nucleo/Applications/BLE/BLE_p2pServer/Core/Src/stm32wbxx_hal_msp.c:468:6:HAL_RNG_MspInit	96	static
C:/Users/rhettdavis/STM32Cube/Repository/STM32Cube_FW_WB_V1.22.1/Projects/P-NUCLEO-WB55.Nucleo/Applications/BLE/BLE_p2pServer/Core/Src/stm32wbxx_hal_msp.c:502:6:HAL_RNG_MspDeInit	16	static
C:/Users/rhettdavis/STM32Cube/Repository/STM32Cube_FW_WB_V1.22.1/Projects/P-NUCLEO-WB55.Nucleo/Applications/BLE/BLE_p2pServer/Core/Src/stm32wbxx_hal_msp.c:524:6:HAL_RTC_MspInit	96	static
C:/Users/rhettdavis/STM32Cube/Repository/STM32Cube_FW_WB_V1.22.1/Projects/P-NUCLEO-WB55.Nucleo/Applications/BLE/BLE_p2pServer/Core/Src/stm32wbxx_hal_msp.c:562:6:HAL_RTC_MspDeInit	16	static
